// Jest Snapshot v1, https://goo.gl/fbAQLP

exports[`<LoaderSmall /> should match with snapshot 1`] = `
<div
  className="loaderSmall"
>
  <svg
    className="loaderSmall__circular"
    viewBox="25 25 50 50"
  >
    <circle
      className="loaderSmall__path"
      cx="50"
      cy="50"
      fill="none"
      r="20"
      strokeMiterlimit="10"
      strokeWidth="3"
    />
  </svg>
</div>
`;
