// Jest Snapshot v1, https://goo.gl/fbAQLP

exports[`<Root /> render:  should match with snapshot - loader disabled 1`] = `
<Root
  checkIfUserIsLoggedIn={[Function]}
  location={Object {}}
  notifications={Array []}
  sessionCheck={Object {}}
  updateLocation={[Function]}
>
  <div
    className="root"
  >
    <div />
    <div
      className="notifications-wrapper"
    />
  </div>
</Root>
`;

exports[`<Root /> render:  should match with snapshot - loader enabled 1`] = `
<Root
  checkIfUserIsLoggedIn={[Function]}
  location={Object {}}
  notifications={Array []}
  sessionCheck={Object {}}
  updateLocation={[Function]}
>
  <div
    className="root"
  >
    <Loader
      small={false}
    >
      <div
        className="loaderV2"
      >
        <div
          className="loaderV2__content"
        >
          <div
            className="rowTriangle"
          >
            <div
              className="arrow up outer outer-18"
            />
            <div
              className="arrow down outer outer-17"
            />
            <div
              className="arrow up outer outer-16"
            />
            <div
              className="arrow down outer outer-15"
            />
            <div
              className="arrow up outer outer-14"
            />
          </div>
          <div
            className="rowTriangle"
          >
            <div
              className="arrow up outer outer-1"
            />
            <div
              className="arrow down outer outer-2"
            />
            <div
              className="arrow up inner inner-6"
            />
            <div
              className="arrow down inner inner-5"
            />
            <div
              className="arrow up inner inner-4"
            />
            <div
              className="arrow down outer outer-13"
            />
            <div
              className="arrow up outer outer-12"
            />
          </div>
          <div
            className="rowTriangle"
          >
            <div
              className="arrow down outer outer-3"
            />
            <div
              className="arrow up outer outer-4"
            />
            <div
              className="arrow down inner inner-1"
            />
            <div
              className="arrow up inner inner-2"
            />
            <div
              className="arrow down inner inner-3"
            />
            <div
              className="arrow up outer outer-11"
            />
            <div
              className="arrow down outer outer-10"
            />
          </div>
          <div
            className="rowTriangle"
          >
            <div
              className="arrow down outer outer-5"
            />
            <div
              className="arrow up outer outer-6"
            />
            <div
              className="arrow down outer outer-7"
            />
            <div
              className="arrow up outer outer-8"
            />
            <div
              className="arrow down outer outer-9"
            />
          </div>
        </div>
      </div>
    </Loader>
    <div
      className="notifications-wrapper"
    />
  </div>
</Root>
`;
