// Jest Snapshot v1, https://goo.gl/fbAQLP

exports[`<MenuList /> should render correctly 1`] = `<div />`;
