// Jest Snapshot v1, https://goo.gl/fbAQLP

exports[`<Column /> should match with snapshot 1`] = `
<div
  className="column__1__1 "
  style={Object {}}
>
  <div />
</div>
`;
